// Jest Snapshot v1, https://goo.gl/fbAQLP

exports[`should match with snapshot 1`] = `
<RCTSafeAreaView
  emulateUnlessSupported={true}
>
  <View
    style={
      Object {
        "display": "flex",
        "marginTop": 80,
      }
    }
  >
    <Text>
      Testing
    </Text>
    <RCTScrollView
      data={Array []}
      getItem={[Function]}
      getItemCount={[Function]}
      keyExtractor={[Function]}
      onContentSizeChange={[Function]}
      onLayout={[Function]}
      onMomentumScrollBegin={[Function]}
      onMomentumScrollEnd={[Function]}
      onScroll={[Function]}
      onScrollBeginDrag={[Function]}
      onScrollEndDrag={[Function]}
      removeClippedSubviews={false}
      renderItem={[Function]}
      scrollEventThrottle={50}
      stickyHeaderIndices={Array []}
      testID="flatlist"
      viewabilityConfigCallbackPairs={Array []}
    >
      <View />
    </RCTScrollView>
    <TextInput
      onChangeText={[Function]}
      placeholder="add your task here.."
      testID="input-area"
    />
    <View
      accessible={true}
      collapsable={false}
      focusable={true}
      onClick={[Function]}
      onResponderGrant={[Function]}
      onResponderMove={[Function]}
      onResponderRelease={[Function]}
      onResponderTerminate={[Function]}
      onResponderTerminationRequest={[Function]}
      onStartShouldSetResponder={[Function]}
      style={
        Object {
          "backgroundColor": "#22c55e",
          "borderRadius": 6,
          "marginTop": 8,
          "opacity": 1,
          "paddingBottom": 8,
          "paddingLeft": 32,
          "paddingRight": 32,
          "paddingTop": 8,
        }
      }
      testID="button-touchable"
    >
      <Text
        style={
          Object {
            "color": "#fff",
            "fontSize": 18,
            "fontWeight": "bold",
            "lineHeight": 28,
          }
        }
        testID="button-title"
      >
        Add Task
      </Text>
    </View>
  </View>
</RCTSafeAreaView>
`;
